     SER	  A	       1	     29.94	     30.31	     60.26	    0.4150	     400	    145.20
     VAL	  A	       2	     19.72	      4.23	     23.95	    0.1567	     627	    152.90
     ALA	  A	       3	      6.58	      2.69	      9.27	    0.0642	     533	    144.30
     HIS	  A	       4	     31.97	     17.02	     48.99	    0.2686	     732	    182.40
     GLY	  A	       5	      4.87	      3.84	      8.71	    0.0719	     397	    121.20
     LEU	  A	       6	     17.01	      2.46	     19.47	    0.1239	     725	    157.10
     ALA	  A	       7	      5.44	      2.26	      7.69	    0.0533	     531	    144.30
     TRP	  A	       8	     33.39	      7.99	     41.38	    0.2110	    1156	    196.10
     SER	  A	       9	     18.04	     13.94	     31.98	    0.2203	     438	    145.20
     TYR	  A	      10	     16.29	      7.30	     23.59	    0.1148	    1117	    205.50
     TYR	  A	      11	     17.38	     11.63	     29.01	    0.1412	    1130	    205.50
     ILE	  A	      12	     14.25	      4.91	     19.16	    0.1123	     684	    170.60
     GLY	  A	      13	     21.80	     18.57	     40.37	    0.3331	     244	    121.20
     TYR	  A	      14	     27.33	      9.87	     37.19	    0.1810	     957	    205.50
     LEU	  A	      15	     12.77	      2.12	     14.89	    0.0948	     677	    157.10
     ARG	  A	      16	     14.13	     66.60	     80.73	    0.2937	     643	    274.90
     LEU	  A	      17	     51.72	      6.15	     57.86	    0.3683	     503	    157.10
     ILE	  A	      18	     10.07	      1.94	     12.01	    0.0704	     755	    170.60
     LEU	  A	      19	     14.93	      5.16	     20.09	    0.1279	     681	    157.10
     PRO	  A	      20	     62.58	     20.24	     82.82	    0.5007	     343	    165.40
     GLU	  A	      21	     23.05	     30.46	     53.51	    0.2657	     557	    201.40
     LEU	  A	      22	     18.61	      2.28	     20.89	    0.1330	     700	    157.10
     GLN	  A	      23	     39.96	     87.71	    127.67	    0.6138	     480	    208.00
     ALA	  A	      24	     39.99	      5.61	     45.59	    0.3160	     311	    144.30
     ARG	  A	      25	     10.86	     17.33	     28.19	    0.1025	     915	    274.90
     ILE	  A	      26	     12.44	      1.93	     14.37	    0.0842	     758	    170.60
     ARG	  A	      27	     36.49	     34.84	     71.33	    0.2595	     711	    274.90
     THR	  A	      28	     54.12	     19.79	     73.92	    0.4844	     435	    152.60
     TYR	  A	      29	     19.44	      8.60	     28.04	    0.1365	    1101	    205.50
     ASN	  A	      30	      5.14	     19.64	     24.78	    0.1598	     622	    155.10
     GLN	  A	      31	     22.11	     63.31	     85.42	    0.4107	     428	    208.00
     HIS	  A	      32	     59.63	     41.88	    101.51	    0.5565	     477	    182.40
     TYR	  A	      33	     36.11	     29.31	     65.42	    0.3184	     727	    205.50
     ASN	  A	      34	     23.76	     87.07	    110.83	    0.7146	     370	    155.10
     ASN	  A	      35	     48.28	    105.35	    153.64	    0.9906	     268	    155.10
     LEU	  A	      36	    105.13	     15.10	    120.22	    0.7652	     319	    157.10
     LEU	  A	      37	     30.76	      9.90	     40.66	    0.2588	     496	    157.10
     ARG	  A	      38	    123.88	    161.30	    285.17	    1.0374	     250	    274.90
     GLY	  A	      39	     42.34	     22.21	     64.55	    0.5326	     148	    121.20
     ALA	  A	      40	     52.85	     18.79	     71.64	    0.4965	     225	    144.30
     VAL	  A	      41	     15.67	      7.49	     23.17	    0.1515	     485	    152.90
     SER	  A	      42	     19.23	     19.64	     38.87	    0.2677	     414	    145.20
     GLN	  A	      43	     41.90	     28.42	     70.32	    0.3381	     446	    208.00
     ARG	  A	      44	      9.69	     49.22	     58.91	    0.2143	     855	    274.90
     LEU	  A	      45	     17.57	      2.41	     19.98	    0.1272	     709	    157.10
     TYR	  A	      46	     17.22	      7.23	     24.46	    0.1190	    1159	    205.50
     ILE	  A	      47	     15.14	      2.09	     17.23	    0.1010	     807	    170.60
     LEU	  A	      48	      9.90	      2.22	     12.12	    0.0772	     880	    157.10
     LEU	  A	      49	     14.47	      2.38	     16.85	    0.1072	     788	    157.10
     PRO	  A	      50	     13.53	      3.44	     16.97	    0.1026	     709	    165.40
     LEU	  A	      51	     26.37	      5.94	     32.31	    0.2056	     693	    157.10
     ASP	  A	      52	     32.45	     43.99	     76.44	    0.5141	     426	    148.70
     CYS	  A	      53	      8.50	      5.86	     14.36	    0.0991	     522	    144.90
     GLY	  A	      54	     20.51	     10.19	     30.71	    0.2533	     237	    121.20
     VAL	  A	      55	     25.45	     18.93	     44.38	    0.2902	     472	    152.90
     PRO	  A	      56	     33.77	      7.89	     41.66	    0.2519	     470	    165.40
     ASP	  A	      57	     47.24	    101.59	    148.82	    1.0008	     280	    148.70
     ASN	  A	      58	     20.75	     50.77	     71.53	    0.4612	     471	    155.10
     LEU	  A	      59	     14.68	      3.62	     18.30	    0.1165	     707	    157.10
     SER	  A	      60	     25.80	     20.65	     46.44	    0.3199	     375	    145.20
     MET	  A	      61	     85.10	     23.29	    108.39	    0.4739	     332	    228.70
     ALA	  A	      62	     24.22	     21.60	     45.82	    0.3176	     275	    144.30
     ASP	  A	      63	      7.56	     12.63	     20.19	    0.1357	     635	    148.70
     PRO	  A	      64	     95.79	      8.53	    104.32	    0.6307	     340	    165.40
     ASN	  A	      65	      7.11	     48.21	     55.32	    0.3566	     553	    155.10
     ILE	  A	      66	     12.93	      4.69	     17.62	    0.1033	     713	    170.60
     ARG	  A	      67	     33.23	    120.80	    154.03	    0.5603	     601	    274.90
     PHE	  A	      68	     40.28	     11.16	     51.44	    0.3003	     811	    171.30
     LEU	  A	      69	     27.81	     11.34	     39.15	    0.2492	     570	    157.10
     ASP	  A	      70	     10.46	     27.72	     38.17	    0.2567	     517	    148.70
     LYS	  A	      71	     42.15	     14.72	     56.87	    0.2476	     560	    229.70
     LEU	  A	      72	     14.64	      6.60	     21.23	    0.1351	     607	    157.10
     PRO	  A	      73	     72.52	      6.21	     78.73	    0.4760	     297	    165.40
     GLN	  A	      74	     50.11	     89.72	    139.83	    0.6722	     274	    208.00
     ASP	  A	      75	     76.86	    122.39	    199.24	    1.3399	     197	    148.70
     ARG	  A	      76	     50.34	    127.52	    177.86	    0.6470	     427	    274.90
     VAL	  A	      77	    116.36	     11.12	    127.48	    0.8338	     277	    152.90
     TYR	  A	      78	     28.10	     21.38	     49.47	    0.2407	     665	    205.50
     SER	  A	      79	     53.57	     39.55	     93.12	    0.6413	     245	    145.20
     ASN	  A	      80	      9.28	     22.15	     31.43	    0.2026	     474	    155.10
     SER	  A	      81	      9.75	     12.19	     21.94	    0.1511	     461	    145.20
     ILE	  A	      82	     10.58	      1.22	     11.81	    0.0692	     654	    170.60
     TYR	  A	      83	     13.05	     14.69	     27.73	    0.1350	     956	    205.50
     GLU	  A	      84	      8.33	     22.40	     30.73	    0.1526	     670	    201.40
     LEU	  A	      85	     15.77	      2.87	     18.63	    0.1186	     733	    157.10
     LEU	  A	      86	     23.86	      6.96	     30.82	    0.1962	     605	    157.10
     GLU	  A	      87	     31.28	     36.65	     67.93	    0.3373	     538	    201.40
     ASN	  A	      88	     39.87	    105.59	    145.46	    0.9379	     273	    155.10
     GLY	  A	      89	     26.52	     23.68	     50.20	    0.4142	     162	    121.20
     GLN	  A	      90	     35.28	     55.11	     90.39	    0.4346	     358	    208.00
     ARG	  A	      91	     32.55	     75.01	    107.57	    0.3913	     481	    274.90
     ALA	  A	      92	     21.73	     27.92	     49.65	    0.3441	     256	    144.30
     GLY	  A	      93	     17.57	      7.52	     25.09	    0.2070	     225	    121.20
     THR	  A	      94	     14.92	     14.66	     29.59	    0.1939	     397	    152.60
     CYS	  A	      95	     13.07	      3.37	     16.45	    0.1135	     421	    144.90
     VAL	  A	      96	     19.49	      3.99	     23.48	    0.1535	     437	    152.90
     LEU	  A	      97	     16.04	      6.07	     22.11	    0.1407	     528	    157.10
     GLU	  A	      98	     24.91	     20.58	     45.48	    0.2258	     506	    201.40
     TYR	  A	      99	     20.60	     15.98	     36.58	    0.1780	     754	    205.50
     ALA	  A	     100	      8.26	      3.94	     12.20	    0.0845	     408	    144.30
     THR	  A	     101	     52.62	     16.35	     68.97	    0.4519	     395	    152.60
     PRO	  A	     102	     17.43	      2.91	     20.34	    0.1229	     525	    165.40
     LEU	  A	     103	     14.72	      2.36	     17.07	    0.1087	     641	    157.10
     GLN	  A	     104	     27.16	     65.24	     92.40	    0.4442	     467	    208.00
     THR	  A	     105	     14.74	     12.57	     27.32	    0.1790	     546	    152.60
     LEU	  A	     106	     12.60	      1.70	     14.29	    0.0910	     734	    157.10
     PHE	  A	     107	     60.90	      1.84	     62.73	    0.3662	     749	    171.30
     ALA	  A	     108	     16.42	      3.70	     20.12	    0.1394	     402	    144.30
     MET	  A	     109	     12.36	      3.44	     15.80	    0.0691	     729	    228.70
     SER	  A	     110	      7.16	     16.81	     23.97	    0.1651	     486	    145.20
     GLN	  A	     111	     26.68	     81.30	    107.99	    0.5192	     359	    208.00
     TYR	  A	     112	     32.67	     12.11	     44.78	    0.2179	     905	    205.50
     SER	  A	     113	     43.22	     53.55	     96.77	    0.6665	     264	    145.20
     GLN	  A	     114	     18.06	     64.40	     82.46	    0.3964	     420	    208.00
     ALA	  A	     115	      9.76	     17.07	     26.83	    0.1859	     303	    144.30
     GLY	  A	     116	     38.28	     26.74	     65.01	    0.5364	     165	    121.20
     PHE	  A	     117	     19.29	      9.06	     28.36	    0.1655	     820	    171.30
     SER	  A	     118	     21.11	      8.81	     29.92	    0.2061	     412	    145.20
     ARG	  A	     119	     78.07	    140.12	    218.19	    0.7937	     485	    274.90
     GLU	  A	     120	     55.84	     49.53	    105.37	    0.5232	     402	    201.40
     ASP	  A	     121	      7.66	     34.44	     42.10	    0.2831	     496	    148.70
     ARG	  A	     122	      7.32	     38.24	     45.56	    0.1657	     720	    274.90
     LEU	  A	     123	     54.51	      2.50	     57.01	    0.3629	     528	    157.10
     GLU	  A	     124	     43.38	     75.20	    118.58	    0.5888	     489	    201.40
     GLN	  A	     125	      6.88	     19.05	     25.93	    0.1246	     605	    208.00
     ALA	  A	     126	      9.23	      3.33	     12.56	    0.0871	     382	    144.30
     LYS	  A	     127	     48.39	     35.96	     84.35	    0.3672	     474	    229.70
     LEU	  A	     128	     36.58	      2.22	     38.80	    0.2470	     573	    157.10
     PHE	  A	     129	     15.95	      1.71	     17.66	    0.1031	     854	    171.30
     CYS	  A	     130	     24.03	      2.40	     26.43	    0.1824	     449	    144.90
     ARG	  A	     131	     49.30	    100.58	    149.88	    0.5452	     560	    274.90
     THR	  A	     132	     16.57	      8.15	     24.72	    0.1620	     516	    152.60
     LEU	  A	     133	     13.68	      1.82	     15.51	    0.0987	     654	    157.10
     GLU	  A	     134	     22.76	     52.21	     74.97	    0.3722	     532	    201.40
     ASP	  A	     135	     20.51	     46.79	     67.30	    0.4526	     428	    148.70
     ILE	  A	     136	     10.46	      3.02	     13.48	    0.0790	     586	    170.60
     LEU	  A	     137	     19.19	      2.05	     21.24	    0.1352	     663	    157.10
     ALA	  A	     138	     27.79	     11.04	     38.83	    0.2691	     319	    144.30
     ASP	  A	     139	     21.16	     64.88	     86.04	    0.5786	     412	    148.70
     ALA	  A	     140	      9.20	      2.74	     11.94	    0.0828	     425	    144.30
     PRO	  A	     141	     62.27	      4.17	     66.44	    0.4017	     437	    165.40
     GLU	  A	     142	     37.02	     24.16	     61.18	    0.3038	     459	    201.40
     SER	  A	     143	      9.86	     10.55	     20.41	    0.1405	     425	    145.20
     GLN	  A	     144	     16.49	     45.68	     62.17	    0.2989	     520	    208.00
     ASN	  A	     145	     16.47	     65.98	     82.46	    0.5316	     413	    155.10
     ASN	  A	     146	      7.89	     36.92	     44.81	    0.2889	     430	    155.10
     CYS	  A	     147	     13.24	      5.13	     18.37	    0.1268	     416	    144.90
     ARG	  A	     148	     20.70	     33.98	     54.68	    0.1989	     629	    274.90
     LEU	  A	     149	     26.69	     12.00	     38.70	    0.2463	     452	    157.10
     ILE	  A	     150	     11.84	      2.14	     13.98	    0.0820	     631	    170.60
     ALA	  A	     151	     27.41	     18.20	     45.61	    0.3161	     271	    144.30
     TYR	  A	     152	     18.04	      8.03	     26.07	    0.1269	     860	    205.50
     GLN	  A	     153	     39.03	     71.37	    110.41	    0.5308	     386	    208.00
     GLU	  A	     154	     30.52	     66.18	     96.69	    0.4801	     397	    201.40
     PRO	  A	     155	     38.88	     10.55	     49.44	    0.2989	     467	    165.40
     ALA	  A	     156	     85.51	     22.31	    107.82	    0.7472	     193	    144.30
     ASP	  A	     157	     34.77	     50.33	     85.10	    0.5723	     342	    148.70
     ASP	  A	     158	     40.69	     80.63	    121.32	    0.8159	     276	    148.70
     SER	  A	     159	     34.20	     21.94	     56.14	    0.3867	     234	    145.20
     SER	  A	     160	     67.07	     58.21	    125.28	    0.8628	     191	    145.20
     PHE	  A	     161	     32.15	     20.19	     52.34	    0.3056	     623	    171.30
     SER	  A	     162	     20.34	     10.80	     31.15	    0.2145	     375	    145.20
     LEU	  A	     163	     15.53	      2.20	     17.73	    0.1129	     568	    157.10
     SER	  A	     164	      5.86	      6.46	     12.32	    0.0849	     459	    145.20
     GLN	  A	     165	     29.69	     44.04	     73.72	    0.3544	     523	    208.00
     GLU	  A	     166	     10.05	     26.65	     36.70	    0.1822	     616	    201.40
     VAL	  A	     167	     16.93	      2.07	     19.00	    0.1243	     527	    152.90
     LEU	  A	     168	     13.76	      2.66	     16.41	    0.1045	     613	    157.10
     ARG	  A	     169	     57.92	     51.13	    109.04	    0.3967	     582	    274.90
     HIS	  A	     170	     36.75	     25.79	     62.54	    0.3429	     620	    182.40
     LEU	  A	     171	     26.54	      3.85	     30.39	    0.1934	     553	    157.10
     ARG	  A	     172	     31.86	     51.53	     83.39	    0.3033	     547	    274.90
     GLN	  A	     173	     33.29	     83.63	    116.92	    0.5621	     376	    208.00
     GLU	  A	     174	     24.55	     36.72	     61.27	    0.3042	     400	    201.40
     GLU	  A	     175	     59.17	     82.12	    141.29	    0.7015	     239	    201.40
     SER	  B	     176	     15.19	     29.88	     45.07	    0.3104	     376	    145.20
     VAL	  B	     177	     18.46	      3.40	     21.86	    0.1430	     551	    152.90
     ALA	  B	     178	      5.52	      2.70	      8.22	    0.0570	     552	    144.30
     HIS	  B	     179	     43.01	     28.47	     71.48	    0.3919	     617	    182.40
     GLY	  B	     180	      5.30	      4.02	      9.32	    0.0769	     324	    121.20
     LEU	  B	     181	     18.37	      2.45	     20.82	    0.1325	     671	    157.10
     ALA	  B	     182	      5.96	      2.30	      8.26	    0.0572	     536	    144.30
     TRP	  B	     183	     33.23	      8.45	     41.68	    0.2125	    1008	    196.10
     SER	  B	     184	     17.52	     14.14	     31.65	    0.2180	     402	    145.20
     TYR	  B	     185	     17.20	      7.53	     24.73	    0.1203	    1109	    205.50
     TYR	  B	     186	     16.01	     11.25	     27.25	    0.1326	    1094	    205.50
     ILE	  B	     187	     14.45	      4.53	     18.98	    0.1112	     599	    170.60
     GLY	  B	     188	     22.11	     18.78	     40.89	    0.3374	     247	    121.20
     TYR	  B	     189	     28.19	     10.03	     38.22	    0.1860	     953	    205.50
     LEU	  B	     190	     12.81	      1.88	     14.69	    0.0935	     693	    157.10
     ARG	  B	     191	     12.37	     64.21	     76.58	    0.2786	     631	    274.90
     LEU	  B	     192	     36.51	      6.84	     43.35	    0.2759	     540	    157.10
     ILE	  B	     193	     11.73	      2.81	     14.53	    0.0852	     706	    170.60
     LEU	  B	     194	     13.26	      4.85	     18.11	    0.1153	     696	    157.10
     PRO	  B	     195	     54.64	     20.57	     75.21	    0.4547	     397	    165.40
     GLU	  B	     196	     58.56	     78.23	    136.79	    0.6792	     404	    201.40
     LEU	  B	     197	     16.70	      2.49	     19.19	    0.1221	     726	    157.10
     GLN	  B	     198	     25.44	     69.28	     94.72	    0.4554	     565	    208.00
     ALA	  B	     199	     41.05	      5.54	     46.59	    0.3229	     319	    144.30
     ARG	  B	     200	     15.32	     17.90	     33.21	    0.1208	     899	    274.90
     ILE	  B	     201	     11.65	      2.11	     13.76	    0.0806	     745	    170.60
     ARG	  B	     202	     31.67	     73.81	    105.48	    0.3837	     593	    274.90
     THR	  B	     203	     31.60	     19.65	     51.25	    0.3358	     501	    152.60
     TYR	  B	     204	     14.76	      8.90	     23.67	    0.1152	    1183	    205.50
     ASN	  B	     205	      9.41	     34.81	     44.22	    0.2851	     535	    155.10
     GLN	  B	     206	     33.04	     91.67	    124.71	    0.5996	     396	    208.00
     HIS	  B	     207	     66.31	     51.00	    117.31	    0.6432	     451	    182.40
     TYR	  B	     208	     53.65	     37.05	     90.70	    0.4414	     633	    205.50
     ASN	  B	     209	     47.91	     95.47	    143.38	    0.9244	     268	    155.10
     ASN	  B	     210	     31.26	     80.43	    111.69	    0.7201	     353	    155.10
     LEU	  B	     211	    132.09	     18.15	    150.24	    0.9564	     271	    157.10
     LEU	  B	     212	    118.04	     14.51	    132.55	    0.8437	     276	    157.10
     ARG	  B	     213	     26.13	     30.36	     56.49	    0.2055	     639	    274.90
     GLY	  B	     214	     23.19	     10.88	     34.07	    0.2811	     220	    121.20
     ALA	  B	     215	     63.88	     16.31	     80.19	    0.5557	     224	    144.30
     VAL	  B	     216	     13.71	      8.04	     21.75	    0.1422	     505	    152.90
     SER	  B	     217	     22.06	     22.36	     44.42	    0.3059	     400	    145.20
     GLN	  B	     218	     33.92	     21.00	     54.92	    0.2640	     484	    208.00
     ARG	  B	     219	      8.15	     42.00	     50.15	    0.1824	     890	    274.90
     LEU	  B	     220	     16.93	      2.29	     19.22	    0.1223	     735	    157.10
     TYR	  B	     221	     18.04	      8.17	     26.21	    0.1275	    1152	    205.50
     ILE	  B	     222	     14.68	      1.97	     16.66	    0.0976	     813	    170.60
     LEU	  B	     223	     10.67	      2.12	     12.80	    0.0815	     873	    157.10
     LEU	  B	     224	     14.42	      2.47	     16.88	    0.1075	     784	    157.10
     PRO	  B	     225	     13.14	      3.79	     16.93	    0.1023	     696	    165.40
     LEU	  B	     226	     32.50	      6.26	     38.76	    0.2467	     669	    157.10
     ASP	  B	     227	     27.70	     38.06	     65.76	    0.4423	     425	    148.70
     CYS	  B	     228	      8.74	      5.93	     14.67	    0.1012	     524	    144.90
     GLY	  B	     229	     22.38	     13.15	     35.53	    0.2932	     225	    121.20
     VAL	  B	     230	     22.51	     20.69	     43.20	    0.2826	     480	    152.90
     PRO	  B	     231	     31.13	      9.05	     40.19	    0.2430	     460	    165.40
     ASP	  B	     232	     66.21	    105.50	    171.70	    1.1547	     238	    148.70
     ASN	  B	     233	     17.29	     48.21	     65.50	    0.4223	     434	    155.10
     LEU	  B	     234	     18.18	      3.77	     21.95	    0.1397	     687	    157.10
     SER	  B	     235	     13.30	     18.25	     31.55	    0.2173	     455	    145.20
     MET	  B	     236	    105.71	     18.75	    124.46	    0.5442	     311	    228.70
     ALA	  B	     237	     30.38	     23.40	     53.78	    0.3727	     253	    144.30
     ASP	  B	     238	      7.55	     12.09	     19.63	    0.1320	     637	    148.70
     PRO	  B	     239	     85.80	     10.16	     95.96	    0.5802	     347	    165.40
     ASN	  B	     240	      6.76	     44.85	     51.62	    0.3328	     558	    155.10
     ILE	  B	     241	     13.05	      4.28	     17.33	    0.1016	     697	    170.60
     ARG	  B	     242	     34.04	    103.94	    137.98	    0.5019	     603	    274.90
     PHE	  B	     243	     45.24	     12.61	     57.85	    0.3377	     773	    171.30
     LEU	  B	     244	     37.43	      9.71	     47.14	    0.3000	     544	    157.10
     ASP	  B	     245	     10.68	     32.66	     43.34	    0.2915	     501	    148.70
     LYS	  B	     246	     46.89	     15.22	     62.11	    0.2704	     557	    229.70
     LEU	  B	     247	     14.20	      6.24	     20.44	    0.1301	     616	    157.10
     PRO	  B	     248	     35.60	      5.55	     41.15	    0.2488	     353	    165.40
     GLN	  B	     249	     53.37	     48.20	    101.57	    0.4883	     371	    208.00
     ASP	  B	     250	     83.92	    149.81	    233.73	    1.5718	     177	    148.70
     ARG	  B	     251	     48.77	    105.39	    154.16	    0.5608	     432	    274.90
     VAL	  B	     252	     78.99	     13.93	     92.92	    0.6077	     289	    152.90
     TYR	  B	     253	     28.96	     13.63	     42.59	    0.2073	     664	    205.50
     SER	  B	     254	     52.02	     39.35	     91.37	    0.6293	     250	    145.20
     ASN	  B	     255	      9.45	     21.78	     31.23	    0.2014	     483	    155.10
     SER	  B	     256	     10.40	     12.76	     23.16	    0.1595	     452	    145.20
     ILE	  B	     257	      9.72	      1.30	     11.01	    0.0645	     660	    170.60
     TYR	  B	     258	     13.82	     17.06	     30.88	    0.1503	     949	    205.50
     GLU	  B	     259	     16.03	     30.54	     46.57	    0.2312	     620	    201.40
     LEU	  B	     260	     16.37	      3.24	     19.62	    0.1249	     731	    157.10
     LEU	  B	     261	     25.20	      7.23	     32.43	    0.2064	     606	    157.10
     GLU	  B	     262	     27.74	     36.70	     64.44	    0.3200	     557	    201.40
     ASN	  B	     263	     37.03	     96.77	    133.80	    0.8626	     286	    155.10
     GLY	  B	     264	     28.93	     26.48	     55.41	    0.4572	     165	    121.20
     GLN	  B	     265	     33.59	     60.55	     94.14	    0.4526	     371	    208.00
     ARG	  B	     266	     34.37	     72.04	    106.41	    0.3871	     471	    274.90
     ALA	  B	     267	     21.01	     25.99	     47.00	    0.3257	     263	    144.30
     GLY	  B	     268	     19.24	      8.02	     27.26	    0.2249	     226	    121.20
     THR	  B	     269	     12.86	     13.40	     26.26	    0.1721	     404	    152.60
     CYS	  B	     270	     13.43	      3.46	     16.89	    0.1165	     415	    144.90
     VAL	  B	     271	     19.22	      3.94	     23.16	    0.1514	     445	    152.90
     LEU	  B	     272	     16.54	      6.07	     22.61	    0.1439	     527	    157.10
     GLU	  B	     273	     24.69	     20.66	     45.35	    0.2252	     507	    201.40
     TYR	  B	     274	     20.44	     16.60	     37.04	    0.1803	     754	    205.50
     ALA	  B	     275	      8.10	      3.65	     11.75	    0.0814	     409	    144.30
     THR	  B	     276	     51.08	     16.85	     67.93	    0.4451	     398	    152.60
     PRO	  B	     277	     16.81	      2.84	     19.65	    0.1188	     529	    165.40
     LEU	  B	     278	     14.39	      2.38	     16.77	    0.1067	     644	    157.10
     GLN	  B	     279	     25.99	     61.86	     87.85	    0.4224	     462	    208.00
     THR	  B	     280	     14.86	     12.86	     27.72	    0.1817	     485	    152.60
     LEU	  B	     281	     12.63	      1.70	     14.33	    0.0912	     731	    157.10
     PHE	  B	     282	     56.00	      1.71	     57.71	    0.3369	     775	    171.30
     ALA	  B	     283	     16.52	      3.68	     20.20	    0.1400	     365	    144.30
     MET	  B	     284	     12.47	      3.58	     16.05	    0.0702	     646	    228.70
     SER	  B	     285	      5.99	     13.95	     19.93	    0.1373	     506	    145.20
     GLN	  B	     286	     24.11	     72.13	     96.24	    0.4627	     364	    208.00
     TYR	  B	     287	     29.53	     10.29	     39.82	    0.1938	     793	    205.50
     SER	  B	     288	     47.96	     31.31	     79.28	    0.5460	     274	    145.20
     GLN	  B	     289	     20.82	     53.31	     74.13	    0.3564	     377	    208.00
     ALA	  B	     290	      9.83	     15.92	     25.76	    0.1785	     271	    144.30
     GLY	  B	     291	     37.51	     27.17	     64.68	    0.5336	     160	    121.20
     PHE	  B	     292	     20.90	      8.76	     29.66	    0.1732	     809	    171.30
     SER	  B	     293	     20.27	      8.46	     28.72	    0.1978	     423	    145.20
     ARG	  B	     294	     73.76	    134.95	    208.71	    0.7592	     507	    274.90
     GLU	  B	     295	     55.48	     51.42	    106.91	    0.5308	     416	    201.40
     ASP	  B	     296	      8.09	     35.70	     43.79	    0.2945	     465	    148.70
     ARG	  B	     297	      6.73	     30.74	     37.47	    0.1363	     726	    274.90
     LEU	  B	     298	     62.38	      2.31	     64.69	    0.4118	     533	    157.10
     GLU	  B	     299	     41.49	     60.21	    101.70	    0.5050	     495	    201.40
     GLN	  B	     300	      7.13	     20.13	     27.26	    0.1311	     602	    208.00
     ALA	  B	     301	      8.98	      3.12	     12.10	    0.0839	     389	    144.30
     LYS	  B	     302	     45.05	     35.26	     80.31	    0.3496	     470	    229.70
     LEU	  B	     303	     34.20	      2.32	     36.51	    0.2324	     532	    157.10
     PHE	  B	     304	     15.48	      1.70	     17.18	    0.1003	     865	    171.30
     CYS	  B	     305	     18.80	      2.67	     21.47	    0.1482	     439	    144.90
     ARG	  B	     306	     38.95	    104.14	    143.09	    0.5205	     571	    274.90
     THR	  B	     307	     16.91	      8.25	     25.16	    0.1649	     508	    152.60
     LEU	  B	     308	     14.57	      1.97	     16.53	    0.1052	     639	    157.10
     GLU	  B	     309	     26.72	     60.33	     87.05	    0.4322	     526	    201.40
     ASP	  B	     310	     18.02	     36.12	     54.14	    0.3641	     440	    148.70
     ILE	  B	     311	     10.70	      2.97	     13.67	    0.0802	     570	    170.60
     LEU	  B	     312	     19.54	      2.37	     21.90	    0.1394	     643	    157.10
     ALA	  B	     313	     28.57	     11.96	     40.53	    0.2809	     309	    144.30
     ASP	  B	     314	     20.76	     64.62	     85.38	    0.5742	     348	    148.70
     ALA	  B	     315	     10.69	      3.27	     13.97	    0.0968	     391	    144.30
     PRO	  B	     316	     75.03	      5.17	     80.20	    0.4849	     402	    165.40
     GLU	  B	     317	     37.72	     26.36	     64.08	    0.3182	     443	    201.40
     SER	  B	     318	      9.13	      8.78	     17.91	    0.1233	     418	    145.20
     GLN	  B	     319	     18.38	     50.24	     68.62	    0.3299	     504	    208.00
     ASN	  B	     320	     18.74	     68.91	     87.65	    0.5651	     407	    155.10
     ASN	  B	     321	      6.87	     34.80	     41.67	    0.2687	     464	    155.10
     CYS	  B	     322	     12.43	      4.59	     17.01	    0.1174	     417	    144.90
     ARG	  B	     323	     19.97	     28.26	     48.22	    0.1754	     643	    274.90
     LEU	  B	     324	     29.16	     11.88	     41.04	    0.2612	     450	    157.10
     ILE	  B	     325	     10.80	      2.02	     12.82	    0.0752	     657	    170.60
     ALA	  B	     326	     29.28	     18.02	     47.31	    0.3278	     277	    144.30
     TYR	  B	     327	     19.02	      8.42	     27.43	    0.1335	     876	    205.50
     GLN	  B	     328	     61.86	    104.53	    166.39	    0.7999	     338	    208.00
     GLU	  B	     329	     27.08	     61.91	     88.99	    0.4418	     421	    201.40
     PRO	  B	     330	     45.36	      9.61	     54.98	    0.3324	     409	    165.40
     ALA	  B	     331	     92.39	     22.14	    114.53	    0.7937	     180	    144.30
     ASP	  B	     332	     24.32	     36.51	     60.83	    0.4091	     421	    148.70
     ASP	  B	     333	     38.57	     68.62	    107.18	    0.7208	     360	    148.70
     SER	  B	     334	     42.00	     39.20	     81.20	    0.5592	     232	    145.20
     SER	  B	     335	     28.31	     29.84	     58.15	    0.4005	     252	    145.20
     PHE	  B	     336	     31.39	     13.16	     44.55	    0.2601	     648	    171.30
     SER	  B	     337	     19.24	      9.87	     29.12	    0.2005	     376	    145.20
     LEU	  B	     338	     20.37	      2.62	     23.00	    0.1464	     542	    157.10
     SER	  B	     339	      6.17	      6.50	     12.67	    0.0873	     454	    145.20
     GLN	  B	     340	     27.88	     42.48	     70.36	    0.3383	     497	    208.00
     GLU	  B	     341	     12.56	     26.62	     39.18	    0.1945	     616	    201.40
     VAL	  B	     342	     17.75	      2.08	     19.83	    0.1297	     528	    152.90
     LEU	  B	     343	     13.79	      2.65	     16.44	    0.1046	     619	    157.10
     ARG	  B	     344	     53.41	     64.13	    117.54	    0.4276	     622	    274.90
     HIS	  B	     345	     28.54	     21.06	     49.60	    0.2719	     664	    182.40
     LEU	  B	     346	     25.01	      3.41	     28.42	    0.1809	     551	    157.10
     ARG	  B	     347	     33.95	     48.46	     82.41	    0.2998	     537	    274.90
     GLN	  B	     348	     32.93	     60.98	     93.91	    0.4515	     397	    208.00
     GLU	  B	     349	     22.76	     46.11	     68.87	    0.3419	     381	    201.40
     GLU	  B	     350	     51.34	     72.54	    123.89	    0.6151	     252	    201.40
