Number of ATOM chains 2, A B. Doing all
0 molecules converted
2 audit log messages 
==============================
*** Open Babel Warning  in ReadMolecule
  Problems reading an XYZ file: Cannot read the first line.
0 molecules converted
1 warnings 2 audit log messages 
new_protein_renumber_all.pdb
           0  ligand atoms:
 ITER=           1
 ITER=           2
  
-----------------------------------------------------------------------------------------------
--                              PROPKA: A PROTEIN PKA PREDICTOR                              --
--                            VERSION 1.0,  04/25/2004, IOWA CITY                            --
--                                         BY HUI LI                                         --
--                            VERSION 2.0,  11/05/2007, IOWA CITY/COPENHAGEN                 --
--                            BY DELPHINE C. BAS AND DAVID M. ROGERS                         --
--                                                                                           --
--                      PROPKA PREDICTS PROTEIN PKA VALUES ACCORDING TO                      --
--                              THE EMPIRICAL RULES PROPOSED BY                              --
--                       HUI LI, ANDREW D. ROBERTSON AND JAN H. JENSEN                       --
-----------------------------------------------------------------------------------------------
  
  
-----------------------------------------------------------------------------------------------
 References: 
 
  Very Fast Empirical Prediction and Rationalization of Protein pKa Values
  Hui Li, Andrew D. Robertson and Jan H. Jensen
  PROTEINS: Structure, Function, and Bioinformatics 61:704-721 (2005)
 
  Very Fast Prediction and Rationalization of pKa Values for Protein-Ligand Complexes
  Delphine C. Bas, David M. Rogers and Jan H. Jensen
  PROTEINS: Structure, Function, and Bioinformatics 73:765-783 (2008)
-----------------------------------------------------------------------------------------------
  
  
-----------------------------------------------------------------------------------------------
 WARNING ! 
 
 CARBOXYL, GUADININIUM, AND AMIDINO GROUPS FROM THE LIGAND
 ARE IDENTIFIED IN THE OUTPUT USING THE CENTRAL CARBON ATOM.
-----------------------------------------------------------------------------------------------
  
-------   -----   ------   --------------------   -------------   -------------   -------------
                           DESOLVATION  EFFECTS       SIDECHAIN        BACKBONE       COULOMBIC
RESIDUE     pKa   LOCATE     MASSIVE      LOCAL   HYDROGEN BOND   HYDROGEN BOND     INTERACTION
-------   -----   ------   ---------   --------   -------------   -------------   -------------
  
GLU  21    4.28   SUFACE   0.00  337   0.42   6   -0.32 GLN  74    0.00 000   0    0.00 000   0
GLU  21                                           -0.33 ARG  25    0.00 000   0    0.00 000   0
  
ASP  52    3.24   BURIED   0.43  443   0.28   4    0.00 000   0   -0.13 ASP  52    0.00 000   0
ASP  52                                            0.00 000   0   -1.14 GLY  54    0.00 000   0
  
ASP  57    3.67   SUFACE   0.00  200   0.07   1    0.00 000   0   -0.20 ASP  57    0.00 000   0
  
ASP  63    1.40   BURIED   0.13  413   1.12  16   -0.33 SER 162   -1.19 ASN  65    0.00 000   0
ASP  63                                           -0.80 SER 164   -0.16 LEU 163    0.00 000   0
ASP  63                                            0.00 000   0   -1.17 SER 164    0.00 000   0
  
ASP  70    2.70   SUFACE   0.00  320   0.42   6   -0.80 TYR  29   -0.72 LYS  71    0.00 000   0
  
ASP  75    3.76   SUFACE   0.00  124   0.07   1    0.00 000   0   -0.11 ASP  75    0.00 000   0
  
GLU  84    4.05   SUFACE   0.00  352   0.35   5   -0.80 ARG  91    0.00 000   0    0.00 000   0
  
GLU  87    1.65   SUFACE   0.00  277   0.35   5   -0.80 GLN 165    0.00 000   0    0.00 000   0
GLU  87                                           -2.40 ARG 172    0.00 000   0    0.00 000   0
  
GLU  98    5.37   BURIED   2.04  604   0.42   6   -0.79 ASN  80    0.00 000   0    0.00 000   0
GLU  98                                           -0.80 TYR  14    0.00 000   0    0.00 000   0
  
GLU 120    3.25   SUFACE   0.00  187   0.28   4   -0.57 SER 118   -0.02 ARG 119    0.00 000   0
GLU 120                                            0.00 000   0   -0.95 GLU 120    0.00 000   0
  
ASP 121    2.60   SUFACE   0.00  275   0.21   3   -0.48 SER 118   -0.93 SER 118    0.00 000   0
  
GLU 124    4.50   SUFACE   0.00  252   0.00   0    0.00 000   0    0.00 000   0    0.00 000   0
  
GLU 134    4.77   BURIED   0.13  413   0.14   2    0.00 000   0    0.00 000   0    0.00 000   0
  
ASP 135    4.01   SUFACE   0.00  303   0.21   3    0.00 000   0    0.00 000   0    0.00 000   0
  
ASP 139    3.94   SUFACE   0.00  255   0.14   2    0.00 000   0    0.00 000   0    0.00 000   0
  
GLU 142    3.85   SUFACE   0.00  306   0.49   7    0.00 000   0   -1.05 GLU 142    0.00 000   0
GLU 142                                            0.00 000   0   -0.09 SER 143    0.00 000   0
  
GLU 154    4.71   SUFACE   0.00  342   0.21   3    0.00 000   0    0.00 000   0    0.00 000   0
  
ASP 157    2.33   SUFACE   0.00   90   0.42   6   -0.80 SER 159   -0.18 ASP 157    0.00 000   0
ASP 157                                            0.00 000   0   -0.91 SER 159    0.00 000   0
  
ASP 158    4.01   SUFACE   0.00   97   0.21   3    0.00 000   0    0.00 000   0    0.00 000   0
  
GLU 166    3.98   SUFACE   0.00  387   0.28   4   -0.80 ARG 169    0.00 000   0    0.00 000   0
  
GLU 174    3.56   SUFACE   0.00  375   0.84  12   -0.70 TYR  46   -0.15 GLN 173    0.00 000   0
GLU 174                                           -0.04 ARG  44   -0.09 GLU 174    0.00 000   0
GLU 174                                           -0.79 ARG 148    0.00 000   0    0.00 000   0
  
GLU 175    4.42   SUFACE   0.00  268   0.00   0   -0.08 ARG 172    0.00 000   0    0.00 000   0
  
GLU 196    4.50   SUFACE   0.00  278   0.00   0    0.00 000   0    0.00 000   0    0.00 000   0
  
ASP 227    3.17   BURIED   0.39  439   0.49   7   -0.27 GLU 329   -0.12 ASP 227    0.00 000   0
ASP 227                                            0.00 000   0   -1.13 GLY 229    0.00 000   0
  
ASP 232    3.87   SUFACE   0.00  249   0.07   1    0.00 000   0    0.00 000   0    0.00 000   0
  
ASP 238    1.61   BURIED   0.25  425   1.12  16   -0.35 SER 337   -1.18 ASN 240    0.00 000   0
ASP 238                                           -0.80 SER 339   -0.11 LEU 338    0.00 000   0
ASP 238                                            0.00 000   0   -1.12 SER 339    0.00 000   0
  
ASP 245    2.56   SUFACE   0.00  324   0.42   6   -0.80 TYR 204   -0.86 LYS 246    0.00 000   0
  
ASP 250    3.80   SUFACE   0.00  147   0.00   0    0.00 000   0    0.00 000   0    0.00 000   0
  
GLU 259    4.57   SUFACE   0.00  342   0.21   3   -0.14 ARG 266    0.00 000   0    0.00 000   0
  
GLU 262    1.65   SUFACE   0.00  272   0.35   5   -0.80 GLN 340    0.00 000   0    0.00 000   0
GLU 262                                           -2.40 ARG 347    0.00 000   0    0.00 000   0
  
GLU 273    5.45   BURIED   2.09  609   0.42   6   -0.76 ASN 255    0.00 000   0    0.00 000   0
GLU 273                                           -0.80 TYR 189    0.00 000   0    0.00 000   0
  
GLU 295    3.30   SUFACE   0.00  182   0.28   4   -0.52 SER 293   -0.04 ARG 294    0.00 000   0
GLU 295                                            0.00 000   0   -0.91 GLU 295    0.00 000   0
  
ASP 296    2.39   SUFACE   0.00  274   0.21   3   -0.56 SER 293   -1.06 SER 293    0.00 000   0
  
GLU 299    4.50   SUFACE   0.00  241   0.00   0    0.00 000   0    0.00 000   0    0.00 000   0
  
GLU 309    4.89   BURIED   0.32  432   0.07   1    0.00 000   0    0.00 000   0    0.00 000   0
  
ASP 310    3.49   SUFACE   0.00  303   0.49   7   -0.80 ARG 306    0.00 000   0    0.00 000   0
  
ASP 314    3.94   SUFACE   0.00  256   0.14   2    0.00 000   0    0.00 000   0    0.00 000   0
  
GLU 317    3.90   SUFACE   0.00  325   0.63   9    0.00 000   0   -1.05 GLU 317    0.00 000   0
GLU 317                                            0.00 000   0   -0.18 SER 318    0.00 000   0
  
GLU 329    5.05   SUFACE   0.00  399   0.28   4    0.27 ASP 227    0.00 000   0    0.00 000   0
  
ASP 332    2.76   SUFACE   0.00   96   0.63   9   -0.80 SER 334   -0.73 SER 334    0.00 000   0
ASP 332                                            0.00 000   0   -0.14 SER 335    0.00 000   0
  
ASP 333    3.14   SUFACE   0.00  149   0.21   3    0.00 000   0   -0.87 ASP 333    0.00 000   0
  
GLU 341    3.91   SUFACE   0.00  393   0.21   3   -0.80 ARG 344    0.00 000   0    0.00 000   0
  
GLU 349    4.03   SUFACE   0.00  334   0.63   9   -0.30 ARG 219    0.00 000   0    0.00 000   0
GLU 349                                           -0.80 ARG 323    0.00 000   0    0.00 000   0
  
GLU 350    4.71   SUFACE   0.00  284   0.21   3    0.00 000   0    0.00 000   0    0.00 000   0
  
HIS   4    3.32   BURIED  -0.63  463  -1.75  25    0.00 000   0    0.20 SER   1   -1.00 N+    1
  
HIS  32    6.50   SUFACE   0.00  208  -0.00   0    0.00 000   0    0.00 000   0    0.00 000   0
  
HIS 170    4.25   BURIED  -0.43  443  -1.82  26    0.00 000   0    0.00 000   0    0.00 000   0
  
HIS 179    2.86   BURIED  -0.12  412  -1.54  22    0.00 000   0    0.05 SER   1   -2.03 N+    1
  
HIS 207    6.50   SUFACE   0.00  175  -0.00   0    0.00 000   0    0.00 000   0    0.00 000   0
  
HIS 345    4.01   BURIED  -0.46  446  -2.03  29    0.00 000   0    0.00 000   0    0.00 000   0
  
CYS  53    9.96   BURIED   0.97  497   0.00   0    0.00 000   0   -0.01 PHE 107    0.00 000   0
  
CYS  95   11.29   BURIED   2.29  629   0.00   0    0.00 000   0    0.00 000   0    0.00 000   0
  
CYS 130   12.51   BURIED   1.11  511   0.00   0    0.00 000   0    0.00 000   0    2.40 GLU 134
  
CYS 147   10.75   BURIED   1.68  568   0.07   1    0.00 000   0    0.00 000   0    0.00 000   0
  
CYS 228    9.73   BURIED   0.99  499   0.00   0   -0.26 ARG 297    0.00 000   0    0.00 000   0
  
CYS 270   11.22   BURIED   2.22  622   0.00   0    0.00 000   0    0.00 000   0    0.00 000   0
  
CYS 305   10.32   BURIED   1.30  530   0.07   1    0.00 000   0   -0.23 CYS 305    0.19 GLU 309
  
CYS 322   10.78   BURIED   1.78  578   0.00   0    0.00 000   0    0.00 000   0    0.00 000   0
  
TYR  10   12.88   BURIED   2.32  632   0.00   0    0.00 000   0   -0.76 THR 101    1.32 GLU  98
  
TYR  11   10.44   BURIED   0.24  424   0.00   0   -0.40 SER 143    0.00 000   0    1.35 GLU 142
TYR  11                                           -0.70 TYR 287    0.00 000   0   -0.05 ARG  16
  
TYR  14   15.03   BURIED   1.25  525   0.35   5    0.80 GLU  98    0.00 000   0    2.40 GLU  98
TYR  14                                           -0.80 ASN  80    0.00 000   0    1.03 TYR  10
  
TYR  29   13.34   SUFACE   0.00  368   0.14   2    0.80 ASP  70    0.00 000   0    2.40 ASP  70
  
TYR  33   11.73   SUFACE   0.00  256   0.00   0    0.00 000   0    0.00 000   0    1.73 ASP  70
  
TYR  46   14.30   BURIED   0.83  483   0.21   3    0.70 GLU 174    0.00 000   0    2.40 GLU 174
TYR  46                                           -0.07 ARG  44    0.00 000   0    0.22 CYS  95
  
TYR  78   10.40   SUFACE   0.00  351   0.14   2   -0.04 ARG  76    0.00 000   0    0.30 GLU  21
  
TYR  83    9.53   BURIED   0.55  455   0.00   0   -0.23 SER  81   -0.78 LEU  59    0.00 000   0
  
TYR  99   10.73   BURIED   0.89  489   0.14   2   -0.30 TYR 152    0.00 000   0    0.00 000   0
  
TYR 112   10.39   SUFACE   0.00  363   0.14   2   -0.80 TYR 186    0.00 000   0    0.21 ASP 314
TYR 112                                            0.00 000   0    0.00 000   0    0.84 GLU 317
  
TYR 152   14.05   BURIED   1.34  534   0.07   1    0.30 TYR  99    0.00 000   0    0.05 ASP  52
TYR 152                                            0.00 000   0    0.00 000   0    2.30 TYR  99
  
TYR 185   12.84   BURIED   2.26  626   0.00   0    0.00 000   0   -0.70 THR 276    1.27 GLU 273
  
TYR 186   12.20   BURIED   0.28  428   0.07   1   -0.13 SER 318    0.00 000   0    1.37 GLU 317
TYR 186                                            0.80 TYR 112    0.00 000   0   -0.19 ARG 191
  
TYR 189   15.04   BURIED   1.32  532   0.35   5    0.80 GLU 273    0.00 000   0    2.40 GLU 273
TYR 189                                           -0.80 ASN 255    0.00 000   0    0.97 TYR 185
  
TYR 204   13.09   SUFACE   0.00  357   0.21   3    0.80 ASP 245    0.00 000   0    2.40 ASP 245
TYR 204                                           -0.32 ARG 213    0.00 000   0    0.00 000   0
  
TYR 208   10.07   SUFACE   0.00  254   0.07   1    0.00 000   0    0.00 000   0    0.00 000   0
  
TYR 221   12.49   BURIED   0.74  474   0.07   1    0.00 000   0    0.00 000   0    1.55 GLU 349
TYR 221                                            0.00 000   0    0.00 000   0    0.13 CYS 270
  
TYR 253   10.09   SUFACE   0.00  343   0.28   4   -0.19 ARG 251    0.00 000   0    0.00 000   0
  
TYR 258   10.34   BURIED   0.60  460   0.00   0   -0.26 SER 256    0.00 000   0    0.00 000   0
  
TYR 274   10.50   BURIED   0.94  494   0.07   1   -0.51 TYR 327    0.00 000   0    0.00 000   0
  
TYR 287   12.12   SUFACE   0.00  359   0.07   1    0.70 TYR  11    0.00 000   0    0.15 ASP 139
TYR 287                                            0.00 000   0    0.00 000   0    1.20 GLU 142
  
TYR 327   15.66   BURIED   1.35  535   0.21   3    0.51 TYR 274    0.00 000   0    0.16 ASP 227
TYR 327                                            0.00 000   0    0.00 000   0    1.03 GLU 329
TYR 327                                            0.00 000   0    0.00 000   0    2.40 TYR 274
  
N+    1    7.66   BURIED  -0.06  406  -0.28   4    0.00 000   0    0.00 000   0    0.00 000   0
  
LYS  71    9.59   SUFACE   0.00  378  -0.91  13    0.00 000   0    0.00 000   0    0.00 000   0
  
LYS 127   10.36   SUFACE   0.00  257  -0.14   2    0.00 000   0    0.00 000   0    0.00 000   0
  
LYS 246    9.66   SUFACE   0.00  387  -0.84  12    0.00 000   0    0.00 000   0    0.00 000   0
  
LYS 302   10.29   SUFACE   0.00  250  -0.21   3    0.00 000   0    0.00 000   0    0.00 000   0
  
ARG  16   11.91   BURIED  -0.15  415  -0.49   7    0.00 000   0    0.00 000   0    0.05 TYR  11
  
ARG  25   11.18   BURIED  -0.20  420  -1.12  16    0.00 000   0    0.00 000   0    0.00 000   0
  
ARG  27   11.87   SUFACE   0.00  237  -0.63   9    0.00 000   0    0.00 000   0    0.00 000   0
  
ARG  38   12.50   SUFACE   0.00  144  -0.00   0    0.00 000   0    0.00 000   0    0.00 000   0
  
ARG  44   11.87   SUFACE   0.00  358  -0.63   9    0.00 000   0    0.00 000   0    0.00 000   0
  
ARG  67   12.43   SUFACE   0.00  230  -0.07   1    0.00 000   0    0.00 000   0    0.00 000   0
  
ARG  76   12.43   SUFACE   0.00  392  -0.07   1    0.00 000   0    0.00 000   0    0.00 000   0
  
ARG  91   11.87   SUFACE   0.00  360  -0.63   9    0.00 000   0    0.00 000   0    0.00 000   0
  
ARG 119   12.50   SUFACE   0.00  200  -0.00   0    0.00 000   0    0.00 000   0    0.00 000   0
  
ARG 122   11.66   SUFACE   0.00  373  -0.84  12    0.00 000   0    0.00 000   0    0.00 000   0
  
ARG 131   12.43   SUFACE   0.00  244  -0.07   1    0.00 000   0    0.00 000   0    0.00 000   0
  
ARG 148   11.59   SUFACE   0.00  387  -0.91  13    0.00 000   0    0.00 000   0    0.00 000   0
  
ARG 169   11.94   SUFACE   0.00  322  -0.56   8    0.00 000   0    0.00 000   0    0.00 000   0
  
ARG 172   11.87   SUFACE   0.00  285  -0.63   9    0.00 000   0    0.00 000   0    0.00 000   0
  
ARG 191   11.97   BURIED  -0.16  416  -0.56   8    0.00 000   0    0.00 000   0    0.19 TYR 186
  
ARG 200   10.73   BURIED  -0.37  437  -1.40  20    0.00 000   0    0.00 000   0    0.00 000   0
  
ARG 202   12.15   SUFACE   0.00  260  -0.35   5    0.00 000   0    0.00 000   0    0.00 000   0
  
ARG 213   11.52   SUFACE   0.00  337  -0.98  14    0.00 000   0    0.00 000   0    0.00 000   0
  
ARG 219   11.66   SUFACE   0.00  362  -0.84  12    0.00 000   0    0.00 000   0    0.00 000   0
  
ARG 242   12.36   SUFACE   0.00  278  -0.14   2    0.00 000   0    0.00 000   0    0.00 000   0
  
ARG 251   12.29   SUFACE   0.00  343  -0.21   3    0.00 000   0    0.00 000   0    0.00 000   0
  
ARG 266   11.94   SUFACE   0.00  288  -0.56   8    0.00 000   0    0.00 000   0    0.00 000   0
  
ARG 294   12.50   SUFACE   0.00  175  -0.00   0    0.00 000   0    0.00 000   0    0.00 000   0
  
ARG 297   11.73   SUFACE   0.00  376  -0.77  11    0.00 000   0    0.00 000   0    0.00 000   0
  
ARG 306   12.29   SUFACE   0.00  213  -0.21   3    0.00 000   0    0.00 000   0    0.00 000   0
  
ARG 323   11.52   SUFACE   0.00  388  -0.98  14    0.00 000   0    0.00 000   0    0.00 000   0
  
ARG 344   12.01   SUFACE   0.00  290  -0.49   7    0.00 000   0    0.00 000   0    0.00 000   0
  
ARG 347   11.87   SUFACE   0.00  291  -0.63   9    0.00 000   0    0.00 000   0    0.00 000   0
  
-----------------------------------------------------------------------------------------------
SUMMARY OF THIS PREDICTION
    RESIDUE    pKa   pKmodel   ligand atom-type
   ASP  52A   3.24      3.80
   ASP  57A   3.67      3.80
   ASP  63A   1.40      3.80
   ASP  70A   2.70      3.80
   ASP  75A   3.76      3.80
   ASP 121A   2.60      3.80
   ASP 135A   4.01      3.80
   ASP 139A   3.94      3.80
   ASP 157A   2.33      3.80
   ASP 158A   4.01      3.80
   ASP 227B   3.17      3.80
   ASP 232B   3.87      3.80
   ASP 238B   1.61      3.80
   ASP 245B   2.56      3.80
   ASP 250B   3.80      3.80
   ASP 296B   2.39      3.80
   ASP 310B   3.49      3.80
   ASP 314B   3.94      3.80
   ASP 332B   2.76      3.80
   ASP 333B   3.14      3.80
   GLU  21A   4.28      4.50
   GLU  84A   4.05      4.50
   GLU  87A   1.65      4.50
   GLU  98A   5.37      4.50
   GLU 120A   3.25      4.50
   GLU 124A   4.50      4.50
   GLU 134A   4.77      4.50
   GLU 142A   3.85      4.50
   GLU 154A   4.71      4.50
   GLU 166A   3.98      4.50
   GLU 174A   3.56      4.50
   GLU 175A   4.42      4.50
   GLU 196B   4.50      4.50
   GLU 259B   4.57      4.50
   GLU 262B   1.65      4.50
   GLU 273B   5.45      4.50
   GLU 295B   3.30      4.50
   GLU 299B   4.50      4.50
   GLU 309B   4.89      4.50
   GLU 317B   3.90      4.50
   GLU 329B   5.05      4.50
   GLU 341B   3.91      4.50
   GLU 349B   4.03      4.50
   GLU 350B   4.71      4.50
   HIS   4A   3.32      6.50
   HIS  32A   6.50      6.50
   HIS 170A   4.25      6.50
   HIS 179B   2.86      6.50
   HIS 207B   6.50      6.50
   HIS 345B   4.01      6.50
   CYS  53A   9.96      9.00
   CYS  95A  11.29      9.00
   CYS 130A  12.51      9.00
   CYS 147A  10.75      9.00
   CYS 228B   9.73      9.00
   CYS 270B  11.22      9.00
   CYS 305B  10.32      9.00
   CYS 322B  10.78      9.00
   TYR  10A  12.88     10.00
   TYR  11A  10.44     10.00
   TYR  14A  15.03     10.00
   TYR  29A  13.34     10.00
   TYR  33A  11.73     10.00
   TYR  46A  14.30     10.00
   TYR  78A  10.40     10.00
   TYR  83A   9.53     10.00
   TYR  99A  10.73     10.00
   TYR 112A  10.39     10.00
   TYR 152A  14.05     10.00
   TYR 185B  12.84     10.00
   TYR 186B  12.20     10.00
   TYR 189B  15.04     10.00
   TYR 204B  13.09     10.00
   TYR 208B  10.07     10.00
   TYR 221B  12.49     10.00
   TYR 253B  10.09     10.00
   TYR 258B  10.34     10.00
   TYR 274B  10.50     10.00
   TYR 287B  12.12     10.00
   TYR 327B  15.66     10.00
   N+    1A   7.66      8.00
   LYS  71A   9.59     10.50
   LYS 127A  10.36     10.50
   LYS 246B   9.66     10.50
   LYS 302B  10.29     10.50
   ARG  16A  11.91     12.50
   ARG  25A  11.18     12.50
   ARG  27A  11.87     12.50
   ARG  38A  12.50     12.50
   ARG  44A  11.87     12.50
   ARG  67A  12.43     12.50
   ARG  76A  12.43     12.50
   ARG  91A  11.87     12.50
   ARG 119A  12.50     12.50
   ARG 122A  11.66     12.50
   ARG 131A  12.43     12.50
   ARG 148A  11.59     12.50
   ARG 169A  11.94     12.50
   ARG 172A  11.87     12.50
   ARG 191B  11.97     12.50
   ARG 200B  10.73     12.50
   ARG 202B  12.15     12.50
   ARG 213B  11.52     12.50
   ARG 219B  11.66     12.50
   ARG 242B  12.36     12.50
   ARG 251B  12.29     12.50
   ARG 266B  11.94     12.50
   ARG 294B  12.50     12.50
   ARG 297B  11.73     12.50
   ARG 306B  12.29     12.50
   ARG 323B  11.52     12.50
   ARG 344B  12.01     12.50
   ARG 347B  11.87     12.50
-----------------------------------------------------------------------------------------------
Free energy of unfolding (kcal/mol) as a function of pH
 0.00  0.08
 1.00  0.69
 2.00  4.19
 3.00 14.10
 4.00 28.91
 5.00 38.72
 6.00 43.46
 7.00 46.05
 8.00 46.39
 9.00 43.44
10.00 32.47
11.00 14.93
12.00  3.77
13.00 -0.94
 
The pH of optimum stability is  7.7 for which the free energy is  46.5 kcal/mol at 298K
The free energy is within 80 percent of maximum range  4.8 -  9.6
The free energy is positive in the range  0.0 - 12.8
 
Protein charge of folded and unfolded state as a function of pH
 0.00 38.87 39.00
 1.00 37.90 38.96
 2.00 34.04 38.61
 3.00 25.52 35.53
 4.00 10.82 20.95
 5.00 -2.73  1.77
 6.00 -8.43 -5.60
 7.00 -10.60 -9.66
 8.00 -11.78 -12.27
 9.00 -13.42 -18.02
10.00 -19.72 -31.31
11.00 -31.73 -43.82
12.00 -48.12 -52.38
13.00 -63.20 -67.24
The pI is  4.74 (folded) and  5.15 (unfolded)
The buffering capacity (dQ/dpH) is -11.32 (folded) and -10.03 (unfolded)
The charge of the unfolded protein at folded pI is  5.68
Patrickios/Yamasaki pI is  4.08 for  44 acidic and  33 basic residues
CS Patrickios, EN Yamasaki, Analytical Biochemistry 1995, 231, 82-81
