SER	  A	       1	      0.15		     -0.09
VAL	  A	       2	      0.53		      0.65
ALA	  A	       3	      0.09		      0.14
HIS	  A	       4	      0.67		      0.10
GLY	  A	       5	     -0.04		     -0.03
LEU	  A	       6	      0.44		      0.53
ALA	  A	       7	      0.06		      0.09
TRP	  A	       8	      1.12		      0.82
SER	  A	       9	     -0.08		     -0.25
TYR	  A	      10	      0.29		      0.20
TYR	  A	      11	      0.00		     -0.11
ILE	  A	      12	      0.28		      0.23
GLY	  A	      13	     -0.43		     -0.38
TYR	  A	      14	      0.62		      0.47
LEU	  A	      15	      0.30		      0.37
ARG	  A	      16	     -7.33		     -7.91
LEU	  A	      17	      1.38		      1.69
ILE	  A	      18	      0.29		      0.28
LEU	  A	      19	      0.15		      0.21
PRO	  A	      20	      1.51		      1.04
GLU	  A	      21	     -4.52		     -5.05
LEU	  A	      22	      0.54		      0.61
GLN	  A	      23	     -2.94		     -5.00
ALA	  A	      24	      1.05		      1.34
ARG	  A	      25	     -1.32		     -1.70
ILE	  A	      26	      0.42		      0.39
ARG	  A	      27	     -2.05		     -2.06
THR	  A	      28	      1.32		      0.80
TYR	  A	      29	      0.33		      0.22
ASN	  A	      30	     -0.82		     -1.23
GLN	  A	      31	     -2.44		     -3.84
HIS	  A	      32	      0.56		     -0.58
TYR	  A	      33	     -0.38		     -0.61
ASN	  A	      34	     -3.80		     -5.66
ASN	  A	      35	     -3.94		     -6.04
LEU	  A	      36	      2.63		      3.22
LEU	  A	      37	      0.41		      0.53
ARG	  A	      38	    -11.43		    -13.56
GLY	  A	      39	      0.65		      0.76
ALA	  A	      40	      1.07		      1.43
VAL	  A	      41	      0.10		      0.19
SER	  A	      42	     -0.41		     -0.57
GLN	  A	      43	      0.55		     -0.20
ARG	  A	      44	     -5.43		     -5.45
LEU	  A	      45	      0.50		      0.57
TYR	  A	      46	      0.32		      0.22
ILE	  A	      47	      0.51		      0.49
LEU	  A	      48	      0.20		      0.26
LEU	  A	      49	      0.35		      0.42
PRO	  A	      50	      0.42		      0.31
LEU	  A	      51	      0.51		      0.63
ASP	  A	      52	     -6.85		     -7.62
CYS	  A	      53	     -0.19		     -0.21
GLY	  A	      54	      0.20		      0.25
VAL	  A	      55	     -0.37		     -0.25
PRO	  A	      56	      1.05		      0.81
ASP	  A	      57	    -16.38		    -17.80
ASN	  A	      58	     -1.40		     -2.82
LEU	  A	      59	      0.34		      0.39
SER	  A	      60	     -0.16		     -0.40
MET	  A	      61	      1.15		      1.41
ALA	  A	      62	     -0.61		     -0.48
ASP	  A	      63	     -1.53		     -1.68
PRO	  A	      64	      4.12		      3.33
ASN	  A	      65	     -2.15		     -3.25
ILE	  A	      66	      0.23		      0.20
ARG	  A	      67	    -13.19		    -14.68
PHE	  A	      68	      1.16		      0.95
LEU	  A	      69	      0.15		      0.29
ASP	  A	      70	     -5.27		     -5.74
LYS	  A	      71	     -0.63		     -0.74
LEU	  A	      72	      0.02		      0.07
PRO	  A	      73	      3.04		      2.49
GLN	  A	      74	     -3.09		     -4.38
ASP	  A	      75	    -13.38		    -14.76
ARG	  A	      76	    -12.28		    -14.90
VAL	  A	      77	      3.43		      4.16
TYR	  A	      78	     -0.09		     -0.22
SER	  A	      79	      0.03		     -0.40
ASN	  A	      80	     -0.71		     -1.16
SER	  A	      81	     -0.27		     -0.37
ILE	  A	      82	      0.38		      0.36
TYR	  A	      83	     -0.41		     -0.50
GLU	  A	      84	     -4.03		     -4.38
LEU	  A	      85	      0.40		      0.47
LEU	  A	      86	      0.36		      0.48
GLU	  A	      87	     -5.70		     -6.39
ASN	  A	      88	     -4.34		     -6.21
GLY	  A	      89	     -0.41		     -0.35
GLN	  A	      90	     -1.62		     -2.69
ARG	  A	      91	     -6.40		     -7.40
ALA	  A	      92	     -1.19		     -1.08
GLY	  A	      93	      0.36		      0.41
THR	  A	      94	     -0.18		     -0.32
CYS	  A	      95	      0.11		      0.08
VAL	  A	      96	      0.49		      0.61
LEU	  A	      97	      0.14		      0.21
GLU	  A	      98	     -2.70		     -3.14
TYR	  A	      99	     -0.06		     -0.19
ALA	  A	     100	      0.08		      0.13
THR	  A	     101	      1.51		      1.03
PRO	  A	     102	      0.65		      0.52
LEU	  A	     103	      0.39		      0.45
GLN	  A	     104	     -2.28		     -3.80
THR	  A	     105	     -0.11		     -0.26
LEU	  A	     106	      0.35		      0.41
PHE	  A	     107	      2.64		      2.38
ALA	  A	     108	      0.34		      0.45
MET	  A	     109	      0.20		      0.22
SER	  A	     110	     -0.87		     -0.94
GLN	  A	     111	     -3.69		     -4.99
TYR	  A	     112	      0.73		      0.57
SER	  A	     113	     -1.58		     -2.02
GLN	  A	     114	     -2.84		     -4.03
ALA	  A	     115	     -0.84		     -0.80
GLY	  A	     116	     -0.16		     -0.07
PHE	  A	     117	      0.40		      0.32
SER	  A	     118	      0.49		      0.32
ARG	  A	     119	    -12.55		    -14.86
GLU	  A	     120	     -7.33		     -8.43
ASP	  A	     121	     -6.80		     -7.34
ARG	  A	     122	     -4.35		     -4.16
LEU	  A	     123	      1.77		      2.06
GLU	  A	     124	    -14.22		    -15.63
GLN	  A	     125	     -0.61		     -1.11
ALA	  A	     126	      0.11		      0.18
LYS	  A	     127	     -6.03		     -5.58
LEU	  A	     128	      1.16		      1.37
PHE	  A	     129	      0.63		      0.55
CYS	  A	     130	      0.22		      0.16
ARG	  A	     131	     -9.97		    -12.56
THR	  A	     132	      0.26		      0.11
LEU	  A	     133	      0.37		      0.44
GLU	  A	     134	     -9.85		    -10.76
ASP	  A	     135	     -8.61		     -9.39
ILE	  A	     136	      0.27		      0.23
LEU	  A	     137	      0.55		      0.65
ALA	  A	     138	      0.18		      0.37
ASP	  A	     139	    -11.87		    -12.84
ALA	  A	     140	      0.19		      0.26
PRO	  A	     141	      2.78		      2.25
GLU	  A	     142	     -2.67		     -3.24
SER	  A	     143	     -0.23		     -0.32
GLN	  A	     144	     -1.82		     -2.76
ASN	  A	     145	     -2.80		     -4.30
ASN	  A	     146	     -1.76		     -2.41
CYS	  A	     147	     -0.10		     -0.14
ARG	  A	     148	     -2.80		     -2.73
LEU	  A	     149	      0.27		      0.33
ILE	  A	     150	      0.39		      0.36
ALA	  A	     151	     -0.26		     -0.08
TYR	  A	     152	      0.33		      0.24
GLN	  A	     153	     -2.16		     -3.60
GLU	  A	     154	     -9.73		    -10.59
PRO	  A	     155	      1.13		      0.86
ALA	  A	     156	      1.63		      2.23
ASP	  A	     157	     -6.75		     -7.49
ASP	  A	     158	    -12.59		    -13.75
SER	  A	     159	      0.11		     -0.14
SER	  A	     160	     -0.46		     -1.01
PHE	  A	     161	      0.34		      0.20
SER	  A	     162	      0.39		      0.22
LEU	  A	     163	      0.42		      0.49
SER	  A	     164	     -0.14		     -0.20
GLN	  A	     165	     -1.31		     -2.10
GLU	  A	     166	     -4.99		     -5.43
VAL	  A	     167	      0.46		      0.57
LEU	  A	     168	      0.31		      0.38
ARG	  A	     169	     -2.65		     -3.83
HIS	  A	     170	      0.45		     -0.36
LEU	  A	     171	      0.68		      0.81
ARG	  A	     172	     -3.92		     -4.51
GLN	  A	     173	     -3.87		     -4.95
GLU	  A	     174	     -2.41		     -2.67
GLU	  A	     175	    -12.74		    -14.08
SER	  B	     176	     -0.86		     -1.02
VAL	  B	     177	      0.48		      0.60
ALA	  B	     178	      0.05		      0.09
HIS	  B	     179	      0.61		     -0.28
GLY	  B	     180	     -0.03		     -0.02
LEU	  B	     181	      0.49		      0.58
ALA	  B	     182	      0.07		      0.11
TRP	  B	     183	      1.10		      0.78
SER	  B	     184	     -0.12		     -0.29
TYR	  B	     185	      0.32		      0.22
TYR	  B	     186	     -0.03		     -0.13
ILE	  B	     187	      0.32		      0.26
GLY	  B	     188	     -0.42		     -0.38
TYR	  B	     189	      0.64		      0.49
LEU	  B	     190	      0.32		      0.39
ARG	  B	     191	     -7.17		     -8.00
LEU	  B	     192	      0.80		      1.01
ILE	  B	     193	      0.30		      0.29
LEU	  B	     194	      0.12		      0.17
PRO	  B	     195	      1.11		      0.70
GLU	  B	     196	    -13.59		    -15.10
LEU	  B	     197	      0.46		      0.53
GLN	  B	     198	     -2.80		     -4.13
ALA	  B	     199	      1.09		      1.40
ARG	  B	     200	     -1.14		     -1.75
ILE	  B	     201	      0.37		      0.34
ARG	  B	     202	     -6.77		     -5.57
THR	  B	     203	      0.22		     -0.10
TYR	  B	     204	      0.08		     -0.01
ASN	  B	     205	     -1.66		     -2.20
GLN	  B	     206	     -3.45		     -5.53
HIS	  B	     207	      0.39		     -0.99
TYR	  B	     208	     -0.14		     -0.45
ASN	  B	     209	     -3.09		     -5.16
ASN	  B	     210	     -3.43		     -4.65
LEU	  B	     211	      3.65		      4.27
LEU	  B	     212	      3.29		      3.83
ARG	  B	     213	     -1.44		     -1.65
GLY	  B	     214	      0.31		      0.37
ALA	  B	     215	      1.49		      1.95
VAL	  B	     216	     -0.02		      0.05
SER	  B	     217	     -0.46		     -0.64
GLN	  B	     218	      0.56		      0.05
ARG	  B	     219	     -4.65		     -5.38
LEU	  B	     220	      0.48		      0.55
TYR	  B	     221	      0.28		      0.18
ILE	  B	     222	      0.49		      0.48
LEU	  B	     223	      0.23		      0.30
LEU	  B	     224	      0.34		      0.41
PRO	  B	     225	      0.37		      0.27
LEU	  B	     226	      0.72		      0.86
ASP	  B	     227	     -5.68		     -6.31
CYS	  B	     228	     -0.19		     -0.22
GLY	  B	     229	      0.06		      0.11
VAL	  B	     230	     -0.57		     -0.47
PRO	  B	     231	      0.81		      0.61
ASP	  B	     232	    -16.43		    -18.02
ASN	  B	     233	     -1.39		     -2.69
LEU	  B	     234	      0.46		      0.51
SER	  B	     235	     -0.59		     -0.74
MET	  B	     236	      1.56		      1.84
ALA	  B	     237	     -0.53		     -0.36
ASP	  B	     238	     -1.57		     -1.73
PRO	  B	     239	      3.49		      2.79
ASN	  B	     240	     -1.99		     -3.01
ILE	  B	     241	      0.26		      0.24
ARG	  B	     242	    -10.79		    -11.25
PHE	  B	     243	      1.29		      1.06
LEU	  B	     244	      0.59		      0.80
ASP	  B	     245	     -6.36		     -6.90
LYS	  B	     246	     -0.47		     -0.62
LEU	  B	     247	      0.04		      0.09
PRO	  B	     248	      1.31		      1.05
GLN	  B	     249	     -0.57		     -1.35
ASP	  B	     250	    -19.94		    -21.82
ARG	  B	     251	     -9.16		     -9.69
VAL	  B	     252	      1.99		      2.46
TYR	  B	     253	      0.44		      0.30
SER	  B	     254	     -0.09		     -0.53
ASN	  B	     255	     -0.68		     -1.12
SER	  B	     256	     -0.27		     -0.37
ILE	  B	     257	      0.35		      0.32
TYR	  B	     258	     -0.54		     -0.64
GLU	  B	     259	     -5.43		     -5.95
LEU	  B	     260	      0.40		      0.47
LEU	  B	     261	      0.39		      0.53
GLU	  B	     262	     -6.01		     -6.69
ASN	  B	     263	     -3.77		     -5.69
GLY	  B	     264	     -0.52		     -0.46
GLN	  B	     265	     -1.65		     -3.13
ARG	  B	     266	     -5.50		     -6.80
ALA	  B	     267	     -1.05		     -0.95
GLY	  B	     268	      0.41		      0.46
THR	  B	     269	     -0.19		     -0.30
CYS	  B	     270	      0.12		      0.08
VAL	  B	     271	      0.49		      0.60
LEU	  B	     272	      0.16		      0.23
GLU	  B	     273	     -2.72		     -3.15
TYR	  B	     274	     -0.11		     -0.24
ALA	  B	     275	      0.09		      0.14
THR	  B	     276	      1.40		      0.93
PRO	  B	     277	      0.63		      0.50
LEU	  B	     278	      0.37		      0.43
GLN	  B	     279	     -2.22		     -3.59
THR	  B	     280	     -0.12		     -0.28
LEU	  B	     281	      0.35		      0.41
PHE	  B	     282	      2.43		      2.19
ALA	  B	     283	      0.34		      0.46
MET	  B	     284	      0.19		      0.21
SER	  B	     285	     -0.72		     -0.77
GLN	  B	     286	     -2.94		     -4.39
TYR	  B	     287	      0.72		      0.58
SER	  B	     288	      0.22		     -0.18
GLN	  B	     289	     -1.85		     -3.05
ALA	  B	     290	     -0.76		     -0.71
GLY	  B	     291	     -0.23		     -0.15
PHE	  B	     292	      0.50		      0.41
SER	  B	     293	      0.47		      0.30
ARG	  B	     294	    -12.34		    -14.73
GLU	  B	     295	     -7.85		     -8.99
ASP	  B	     296	     -7.01		     -7.57
ARG	  B	     297	     -3.42		     -3.12
LEU	  B	     298	      2.04		      2.40
GLU	  B	     299	    -10.99		    -12.16
GLN	  B	     300	     -0.62		     -1.17
ALA	  B	     301	      0.12		      0.18
LYS	  B	     302	     -6.04		     -5.57
LEU	  B	     303	      1.06		      1.26
PHE	  B	     304	      0.61		      0.53
CYS	  B	     305	      0.24		      0.18
ARG	  B	     306	    -11.04		    -12.80
THR	  B	     307	      0.27		      0.12
LEU	  B	     308	      0.39		      0.46
GLU	  B	     309	    -11.46		    -12.50
ASP	  B	     310	     -6.32		     -6.91
ILE	  B	     311	      0.28		      0.25
LEU	  B	     312	      0.54		      0.64
ALA	  B	     313	      0.14		      0.34
ASP	  B	     314	    -11.39		    -12.31
ALA	  B	     315	      0.23		      0.30
PRO	  B	     316	      3.34		      2.71
GLU	  B	     317	     -3.08		     -3.69
SER	  B	     318	     -0.13		     -0.22
GLN	  B	     319	     -1.95		     -3.03
ASN	  B	     320	     -2.69		     -4.42
ASN	  B	     321	     -1.63		     -2.28
CYS	  B	     322	     -0.09		     -0.12
ARG	  B	     323	     -2.13		     -2.00
LEU	  B	     324	      0.37		      0.44
ILE	  B	     325	      0.35		      0.32
ALA	  B	     326	     -0.19		      0.01
TYR	  B	     327	      0.36		      0.26
GLN	  B	     328	     -2.98		     -5.33
GLU	  B	     329	     -8.49		     -9.22
PRO	  B	     330	      1.46		      1.15
ALA	  B	     331	      1.98		      2.62
ASP	  B	     332	     -5.67		     -6.28
ASP	  B	     333	    -12.12		    -13.29
SER	  B	     334	     -0.72		     -1.08
SER	  B	     335	     -0.76		     -0.99
PHE	  B	     336	      0.55		      0.41
SER	  B	     337	      0.38		      0.22
LEU	  B	     338	      0.58		      0.67
SER	  B	     339	     -0.13		     -0.18
GLN	  B	     340	     -1.31		     -2.06
GLU	  B	     341	     -4.86		     -5.31
VAL	  B	     342	      0.49		      0.60
LEU	  B	     343	      0.32		      0.38
ARG	  B	     344	     -4.73		     -6.10
HIS	  B	     345	      0.28		     -0.35
LEU	  B	     346	      0.66		      0.78
ARG	  B	     347	     -3.48		     -4.23
GLN	  B	     348	     -2.30		     -3.22
GLU	  B	     349	     -4.99		     -5.43
GLU	  B	     350	     -9.86		    -10.87
